
> dalbus@1.5.8 build
> next build

node.exe : 'next'은(는) 내부 또는 외부 명령, 실행할 수 있는 프로그램, 또는
위치 C:\Program Files\nodejs\npm.ps1:29 문자:3
+   & $NODE_EXE $NPM_CLI_JS $args
+   ~~~~~~~~~~~~~~~~~~~~~~~~~~~~~
    + CategoryInfo          : NotSpecified: ('next'은(는) 내부 또...할 수 있는 프로그램, 또는:Str 
   ing) [], RemoteException
    + FullyQualifiedErrorId : NativeCommandError
 
배치 파일이 아닙니다.
